D, [2016-09-06T14:00:15.168764 #6225] DEBUG -- : debugging info
I, [2016-09-06T14:00:15.168894 #6225]  INFO -- : general logs
W, [2016-09-06T14:00:15.168929 #6225]  WARN -- : oh my…this isn't good
E, [2016-09-06T14:00:15.168951 #6225] ERROR -- : boom!
F, [2016-09-06T14:00:15.168970 #6225] FATAL -- : oh crap…
